--------------------------------------------------------------------------------------------------------------------------------
      name:  <unnamed>
       log:  C:\Users\Akrylic\Dropbox\Economics\Financial econometrics\Empirical Project\Question 1 log.log
  log type:  text
 opened on:  25 Apr 2016, 18:34:54

. drop t

. gen t = _n

. tset t
        time variable:  t, 1 to 753
                delta:  1 unit

. reg ES2 ES3 ES4 YTM1

      Source |       SS           df       MS      Number of obs   =       741
-------------+----------------------------------   F(3, 737)       =  13105.39
       Model |  6595.33146         3  2198.44382   Prob > F        =    0.0000
    Residual |  123.632551       737  .167751087   R-squared       =    0.9816
-------------+----------------------------------   Adj R-squared   =    0.9815
       Total |  6718.96401       740   9.0796811   Root MSE        =    .40957

------------------------------------------------------------------------------
         ES2 |      Coef.   Std. Err.      t    P>|t|     [95% Conf. Interval]
-------------+----------------------------------------------------------------
         ES3 |   .9826991   .0289993    33.89   0.000      .925768     1.03963
         ES4 |  -.2214902   .0236787    -9.35   0.000    -.2679759   -.1750045
        YTM1 |  -.0029719   .0052688    -0.56   0.573    -.0133155    .0073717
       _cons |   .0461866   .0315793     1.46   0.144    -.0158094    .1081827
------------------------------------------------------------------------------

. reg ES2 YTM1

      Source |       SS           df       MS      Number of obs   =       741
-------------+----------------------------------   F(1, 739)       =    122.80
       Model |   957.39769         1   957.39769   Prob > F        =    0.0000
    Residual |  5761.56632       739  7.79643616   R-squared       =    0.1425
-------------+----------------------------------   Adj R-squared   =    0.1413
       Total |  6718.96401       740   9.0796811   Root MSE        =    2.7922

------------------------------------------------------------------------------
         ES2 |      Coef.   Std. Err.      t    P>|t|     [95% Conf. Interval]
-------------+----------------------------------------------------------------
        YTM1 |   -.361336   .0326072   -11.08   0.000    -.4253497   -.2973223
       _cons |    2.60349   .1925963    13.52   0.000     2.225389    2.981591
------------------------------------------------------------------------------

. import excel "C:\Users\Akrylic\Dropbox\Economics\Financial econometrics\Empirical Project\data_PS3.xlsx", sheet("oil data") f
> irstrow clear

. import excel "C:\Users\Akrylic\Dropbox\Economics\Financial econometrics\Empirical Project\data_PS3.xlsx", sheet("bond data") 
> firstrow clear

. tset t
variable t not found
r(111);

. reg ES1 YTM1 f12 f23 f34 f45

      Source |       SS           df       MS      Number of obs   =       741
-------------+----------------------------------   F(5, 735)       =    161.39
       Model |  1054.09065         5  210.818129   Prob > F        =    0.0000
    Residual |   960.11145       735  1.30627408   R-squared       =    0.5233
-------------+----------------------------------   Adj R-squared   =    0.5201
       Total |   2014.2021       740  2.72189472   Root MSE        =    1.1429

------------------------------------------------------------------------------
         ES1 |      Coef.   Std. Err.      t    P>|t|     [95% Conf. Interval]
-------------+----------------------------------------------------------------
        YTM1 |   -.962546    .077792   -12.37   0.000    -1.115267    -.809825
         f12 |  -.4209247   .1486786    -2.83   0.005    -.7128101   -.1290394
         f23 |   .9449071   .1253795     7.54   0.000     .6987625    1.191052
         f34 |   .2564083   .0961535     2.67   0.008     .0676401    .4451765
         f45 |   .2049944   .0724507     2.83   0.005     .0627595    .3472293
       _cons |  -.7161089   .1266988    -5.65   0.000    -.9648436   -.4673742
------------------------------------------------------------------------------

. gen t = _n

. tset t
        time variable:  t, 1 to 753
                delta:  1 unit

. reg ES1 YTM1 f12 f23 f34 f45 t, r

Linear regression                               Number of obs     =        741
                                                F(6, 734)         =     129.26
                                                Prob > F          =     0.0000
                                                R-squared         =     0.5235
                                                Root MSE          =     1.1435

------------------------------------------------------------------------------
             |               Robust
         ES1 |      Coef.   Std. Err.      t    P>|t|     [95% Conf. Interval]
-------------+----------------------------------------------------------------
        YTM1 |  -.9613479   .0790553   -12.16   0.000    -1.116549   -.8061464
         f12 |  -.4306752   .1457702    -2.95   0.003    -.7168516   -.1444989
         f23 |   .9324971   .1537879     6.06   0.000     .6305805    1.234414
         f34 |   .2667452   .1395698     1.91   0.056    -.0072583    .5407488
         f45 |   .2165648   .0959842     2.26   0.024     .0281284    .4050012
           t |  -.0001158   .0001888    -0.61   0.540    -.0004864    .0002548
       _cons |  -.6859436    .122609    -5.59   0.000    -.9266498   -.4452375
------------------------------------------------------------------------------

. reg ES2 YTM1 f12 f23 f34 f45 t, r

Linear regression                               Number of obs     =        741
                                                F(6, 734)         =     107.15
                                                Prob > F          =     0.0000
                                                R-squared         =     0.4792
                                                Root MSE          =     2.1835

------------------------------------------------------------------------------
             |               Robust
         ES2 |      Coef.   Std. Err.      t    P>|t|     [95% Conf. Interval]
-------------+----------------------------------------------------------------
        YTM1 |  -1.149752   .1546732    -7.43   0.000    -1.453406   -.8460971
         f12 |  -1.766706   .2834814    -6.23   0.000    -2.323237   -1.210175
         f23 |   1.922048    .297792     6.45   0.000     1.337422    2.506674
         f34 |   .5948563   .2661031     2.24   0.026     .0724423     1.11727
         f45 |   .3901537   .1879981     2.08   0.038     .0210757    .7592318
           t |   -.000071   .0003517    -0.20   0.840    -.0007615    .0006194
       _cons |  -.9053892   .2330085    -3.89   0.000    -1.362832   -.4479467
------------------------------------------------------------------------------

. reg ES3 YTM1 f12 f23 f34 f45 t, r

Linear regression                               Number of obs     =        741
                                                F(6, 734)         =      86.31
                                                Prob > F          =     0.0000
                                                R-squared         =     0.4229
                                                Root MSE          =     3.1937

------------------------------------------------------------------------------
             |               Robust
         ES3 |      Coef.   Std. Err.      t    P>|t|     [95% Conf. Interval]
-------------+----------------------------------------------------------------
        YTM1 |  -1.383661   .2281558    -6.06   0.000    -1.831577   -.9357452
         f12 |  -2.192685   .4167673    -5.26   0.000    -3.010883   -1.374487
         f23 |   1.987904   .4501981     4.42   0.000     1.104074    2.871733
         f34 |   .9110069   .3967731     2.30   0.022     .1320615    1.689952
         f45 |   .6202983   .2695941     2.30   0.022     .0910309    1.149566
           t |   .0005994   .0005048     1.19   0.235    -.0003917    .0015906
       _cons |  -1.135169   .3362718    -3.38   0.001    -1.795338   -.4749996
------------------------------------------------------------------------------

. reg ES4 YTM1 f12 f23 f34 f45 t, r

Linear regression                               Number of obs     =        741
                                                F(6, 734)         =      76.40
                                                Prob > F          =     0.0000
                                                R-squared         =     0.3898
                                                Root MSE          =     4.0545

------------------------------------------------------------------------------
             |               Robust
         ES4 |      Coef.   Std. Err.      t    P>|t|     [95% Conf. Interval]
-------------+----------------------------------------------------------------
        YTM1 |  -1.585066   .2848825    -5.56   0.000    -2.144347   -1.025784
         f12 |  -2.499103   .5174275    -4.83   0.000    -3.514917   -1.483289
         f23 |   2.470911    .553005     4.47   0.000     1.385251    3.556571
         f34 |   .5847637   .4960238     1.18   0.239    -.3890309    1.558558
         f45 |   .8843231   .3439494     2.57   0.010     .2090812    1.559565
           t |   .0013731   .0006463     2.12   0.034     .0001043    .0026419
       _cons |  -1.117042   .4197213    -2.66   0.008    -1.941039   -.2930446
------------------------------------------------------------------------------

. newey ES4 YTM1 f12 f23 f34 f45 t, lag(4)

Regression with Newey-West standard errors      Number of obs     =        741
maximum lag: 4                                  F(  6,       734) =      22.18
                                                Prob > F          =     0.0000

------------------------------------------------------------------------------
             |             Newey-West
         ES4 |      Coef.   Std. Err.      t    P>|t|     [95% Conf. Interval]
-------------+----------------------------------------------------------------
        YTM1 |  -1.585066   .4754759    -3.33   0.001     -2.51852   -.6516108
         f12 |  -2.499103   .7948212    -3.14   0.002    -4.059497   -.9387092
         f23 |   2.470911    .754312     3.28   0.001     .9900448    3.951777
         f34 |   .5847637   .6090827     0.96   0.337    -.6109882    1.780516
         f45 |   .8843231   .5127665     1.72   0.085    -.1223407    1.890987
           t |   .0013731   .0012139     1.13   0.258    -.0010101    .0037562
       _cons |  -1.117042   .8091126    -1.38   0.168    -2.705493    .4714089
------------------------------------------------------------------------------

. newey ES1 YTM1 f12 f23 f34 f45 t, lag(4)

Regression with Newey-West standard errors      Number of obs     =        741
maximum lag: 4                                  F(  6,       734) =      39.37
                                                Prob > F          =     0.0000

------------------------------------------------------------------------------
             |             Newey-West
         ES1 |      Coef.   Std. Err.      t    P>|t|     [95% Conf. Interval]
-------------+----------------------------------------------------------------
        YTM1 |  -.9613479   .1267611    -7.58   0.000    -1.210205   -.7124904
         f12 |  -.4306752   .2125997    -2.03   0.043    -.8480512   -.0132993
         f23 |   .9324971   .2119743     4.40   0.000     .5163488    1.348645
         f34 |   .2667452   .1720107     1.55   0.121    -.0709464    .6044369
         f45 |   .2165648   .1445131     1.50   0.134    -.0671435    .5002731
           t |  -.0001158   .0003637    -0.32   0.750    -.0008299    .0005982
       _cons |  -.6859436   .2355088    -2.91   0.004    -1.148295   -.2235925
------------------------------------------------------------------------------

. newey ES2 YTM1 f12 f23 f34 f45 t, lag(4)

Regression with Newey-West standard errors      Number of obs     =        741
maximum lag: 4                                  F(  6,       734) =      33.45
                                                Prob > F          =     0.0000

------------------------------------------------------------------------------
             |             Newey-West
         ES2 |      Coef.   Std. Err.      t    P>|t|     [95% Conf. Interval]
-------------+----------------------------------------------------------------
        YTM1 |  -1.149752   .2489214    -4.62   0.000    -1.638434   -.6610687
         f12 |  -1.766706   .4180871    -4.23   0.000    -2.587495   -.9459167
         f23 |   1.922048   .4165182     4.61   0.000     1.104339    2.739757
         f34 |   .5948563   .3122841     1.90   0.057    -.0182201    1.207933
         f45 |   .3901537   .2784334     1.40   0.162     -.156467    .9367745
           t |   -.000071    .000669    -0.11   0.915    -.0013845    .0012424
       _cons |  -.9053892   .4486415    -2.02   0.044    -1.786163   -.0246156
------------------------------------------------------------------------------

. newey ES3 YTM1 f12 f23 f34 f45 t, lag(4)

Regression with Newey-West standard errors      Number of obs     =        741
maximum lag: 4                                  F(  6,       734) =      25.74
                                                Prob > F          =     0.0000

------------------------------------------------------------------------------
             |             Newey-West
         ES3 |      Coef.   Std. Err.      t    P>|t|     [95% Conf. Interval]
-------------+----------------------------------------------------------------
        YTM1 |  -1.383661    .374407    -3.70   0.000    -2.118697   -.6486248
         f12 |  -2.192685   .6300582    -3.48   0.001    -3.429616   -.9557538
         f23 |   1.987904   .6121092     3.25   0.001     .7862101    3.189597
         f34 |   .9110069   .4786498     1.90   0.057     -.028679    1.850693
         f45 |   .6202983   .4019208     1.54   0.123    -.1687531     1.40935
           t |   .0005994   .0009505     0.63   0.528    -.0012665    .0024654
       _cons |  -1.135169   .6516604    -1.74   0.082    -2.414509    .1441717
------------------------------------------------------------------------------

. newey ES4 YTM1 f12 f23 f34 f45 t, lag(4)

Regression with Newey-West standard errors      Number of obs     =        741
maximum lag: 4                                  F(  6,       734) =      22.18
                                                Prob > F          =     0.0000

------------------------------------------------------------------------------
             |             Newey-West
         ES4 |      Coef.   Std. Err.      t    P>|t|     [95% Conf. Interval]
-------------+----------------------------------------------------------------
        YTM1 |  -1.585066   .4754759    -3.33   0.001     -2.51852   -.6516108
         f12 |  -2.499103   .7948212    -3.14   0.002    -4.059497   -.9387092
         f23 |   2.470911    .754312     3.28   0.001     .9900448    3.951777
         f34 |   .5847637   .6090827     0.96   0.337    -.6109882    1.780516
         f45 |   .8843231   .5127665     1.72   0.085    -.1223407    1.890987
           t |   .0013731   .0012139     1.13   0.258    -.0010101    .0037562
       _cons |  -1.117042   .8091126    -1.38   0.168    -2.705493    .4714089
------------------------------------------------------------------------------

. newey ES4 YTM1 f12 f23 f34 f45 t
option lag() required
r(198);

. // part d
/ is not a valid command name
r(199);

. import excel "C:\Users\Akrylic\Dropbox\Economics\Financial econometrics\Empirical Project\data_PS3test.xlsx", sheet("bond dat
> a") firstrow clear

. reg spread1 gamma 1 t , r
gamma ambiguous abbreviation
r(111);

. tset t
variable t not found
r(111);

. gen t = _n

. tset t
        time variable:  t, 1 to 753
                delta:  1 unit

. reg spread1 gamma 1 t , r
gamma ambiguous abbreviation
r(111);

. reg spread1 gamma1 t , r

Linear regression                               Number of obs     =        753
                                                F(2, 750)         =     150.67
                                                Prob > F          =     0.0000
                                                R-squared         =     0.2885
                                                Root MSE          =      1.322

------------------------------------------------------------------------------
             |               Robust
     spread1 |      Coef.   Std. Err.      t    P>|t|     [95% Conf. Interval]
-------------+----------------------------------------------------------------
      gamma1 |  -2.511018   .1717645   -14.62   0.000    -2.848215   -2.173822
           t |  -.0012956   .0001582    -8.19   0.000    -.0016061    -.000985
       _cons |   .2947732    .072768     4.05   0.000       .15192    .4376264
------------------------------------------------------------------------------

. reg spread2 gamma2 t , r

Linear regression                               Number of obs     =        753
                                                F(2, 750)         =     135.68
                                                Prob > F          =     0.0000
                                                R-squared         =     0.2617
                                                Root MSE          =     1.2319

------------------------------------------------------------------------------
             |               Robust
     spread2 |      Coef.   Std. Err.      t    P>|t|     [95% Conf. Interval]
-------------+----------------------------------------------------------------
      gamma2 |  -2.752466   .2144552   -12.83   0.000     -3.17347   -2.331462
           t |   -.001454   .0001509    -9.63   0.000    -.0017504   -.0011577
       _cons |   .3988126   .0651101     6.13   0.000      .270993    .5266323
------------------------------------------------------------------------------

. reg spread3 gamma3 t , r

Linear regression                               Number of obs     =        753
                                                F(2, 750)         =     136.50
                                                Prob > F          =     0.0000
                                                R-squared         =     0.2444
                                                Root MSE          =     1.1531

------------------------------------------------------------------------------
             |               Robust
     spread3 |      Coef.   Std. Err.      t    P>|t|     [95% Conf. Interval]
-------------+----------------------------------------------------------------
      gamma3 |   -2.77781   .2367753   -11.73   0.000    -3.242631   -2.312989
           t |  -.0015095   .0001491   -10.12   0.000    -.0018022   -.0012168
       _cons |   .4692982   .0605577     7.75   0.000     .3504154     .588181
------------------------------------------------------------------------------

. reg spread4 gamma4 t , r

Linear regression                               Number of obs     =        753
                                                F(2, 750)         =    1048.66
                                                Prob > F          =     0.0000
                                                R-squared         =     0.7603
                                                Root MSE          =     .60741

------------------------------------------------------------------------------
             |               Robust
     spread4 |      Coef.   Std. Err.      t    P>|t|     [95% Conf. Interval]
-------------+----------------------------------------------------------------
      gamma4 |  -2.406591   .0555442   -43.33   0.000    -2.515632    -2.29755
           t |   -.000615   .0000938    -6.56   0.000    -.0007992   -.0004309
       _cons |   .2407437   .0330005     7.30   0.000     .1759594    .3055281
------------------------------------------------------------------------------

. newey spread1 gamma 1 t, lag(4)
gamma ambiguous abbreviation
r(111);

. newey spread1 gamma1 t, lag(4)

Regression with Newey-West standard errors      Number of obs     =        753
maximum lag: 4                                  F(  2,       750) =      52.64
                                                Prob > F          =     0.0000

------------------------------------------------------------------------------
             |             Newey-West
     spread1 |      Coef.   Std. Err.      t    P>|t|     [95% Conf. Interval]
-------------+----------------------------------------------------------------
      gamma1 |  -2.511018   .2817978    -8.91   0.000    -3.064225   -1.957812
           t |  -.0012956   .0003201    -4.05   0.000     -.001924   -.0006671
       _cons |   .2947732   .1455877     2.02   0.043     .0089654     .580581
------------------------------------------------------------------------------

. newey spread2 gamma2 t, lag(4)

Regression with Newey-West standard errors      Number of obs     =        753
maximum lag: 4                                  F(  2,       750) =      44.78
                                                Prob > F          =     0.0000

------------------------------------------------------------------------------
             |             Newey-West
     spread2 |      Coef.   Std. Err.      t    P>|t|     [95% Conf. Interval]
-------------+----------------------------------------------------------------
      gamma2 |  -2.752466   .3651854    -7.54   0.000    -3.469373   -2.035558
           t |   -.001454   .0003039    -4.78   0.000    -.0020506   -.0008574
       _cons |   .3988126   .1303846     3.06   0.002     .1428504    .6547749
------------------------------------------------------------------------------

. newey spread3 gamma3 t, lag(4)

Regression with Newey-West standard errors      Number of obs     =        753
maximum lag: 4                                  F(  2,       750) =      44.08
                                                Prob > F          =     0.0000

------------------------------------------------------------------------------
             |             Newey-West
     spread3 |      Coef.   Std. Err.      t    P>|t|     [95% Conf. Interval]
-------------+----------------------------------------------------------------
      gamma3 |   -2.77781   .4048341    -6.86   0.000    -3.572552   -1.983067
           t |  -.0015095   .0003015    -5.01   0.000    -.0021015   -.0009175
       _cons |   .4692982   .1219545     3.85   0.000     .2298854    .7087111
------------------------------------------------------------------------------

. newey spread4 gamma4 t, lag(4)

Regression with Newey-West standard errors      Number of obs     =        753
maximum lag: 4                                  F(  2,       750) =     347.58
                                                Prob > F          =     0.0000

------------------------------------------------------------------------------
             |             Newey-West
     spread4 |      Coef.   Std. Err.      t    P>|t|     [95% Conf. Interval]
-------------+----------------------------------------------------------------
      gamma4 |  -2.406591   .0953299   -25.24   0.000    -2.593736   -2.219446
           t |   -.000615    .000186    -3.31   0.001    -.0009801     -.00025
       _cons |   .2407437   .0626111     3.85   0.000     .1178298    .3636577
------------------------------------------------------------------------------

. import excel "C:\Users\Akrylic\Dropbox\Economics\Financial econometrics\Empirical Project\data_PS3test.xlsx", sheet("bond dat
> a") firstrow clear

. gen t = _n

. tset t
        time variable:  t, 1 to 753
                delta:  1 unit

. newey spread1 gamma1 t, lag(4)

Regression with Newey-West standard errors      Number of obs     =        741
maximum lag: 4                                  F(  2,       738) =       5.88
                                                Prob > F          =     0.0029

------------------------------------------------------------------------------
             |             Newey-West
     spread1 |      Coef.   Std. Err.      t    P>|t|     [95% Conf. Interval]
-------------+----------------------------------------------------------------
      gamma1 |  -.4014376   .3395861    -1.18   0.238    -1.068108    .2652324
           t |  -.0012121   .0004329    -2.80   0.005     -.002062   -.0003622
       _cons |   .2984007   .1947037     1.53   0.126    -.0838385    .6806399
------------------------------------------------------------------------------

. 
. 
. newey spread2 gamma2 t, lag(4)

Regression with Newey-West standard errors      Number of obs     =        741
maximum lag: 4                                  F(  2,       738) =       7.21
                                                Prob > F          =     0.0008

------------------------------------------------------------------------------
             |             Newey-West
     spread2 |      Coef.   Std. Err.      t    P>|t|     [95% Conf. Interval]
-------------+----------------------------------------------------------------
      gamma2 |  -.6985031   .4023865    -1.74   0.083    -1.488462    .0914555
           t |  -.0010707    .000392    -2.73   0.006    -.0018403    -.000301
       _cons |   .3231254    .173512     1.86   0.063    -.0175105    .6637613
------------------------------------------------------------------------------

. newey spread3 gamma3 t, lag(4)

Regression with Newey-West standard errors      Number of obs     =        741
maximum lag: 4                                  F(  2,       738) =      10.50
                                                Prob > F          =     0.0000

------------------------------------------------------------------------------
             |             Newey-West
     spread3 |      Coef.   Std. Err.      t    P>|t|     [95% Conf. Interval]
-------------+----------------------------------------------------------------
      gamma3 |  -1.032034   .4405619    -2.34   0.019    -1.896938   -.1671302
           t |  -.0010247   .0003644    -2.81   0.005    -.0017402   -.0003093
       _cons |   .3953058   .1550392     2.55   0.011     .0909353    .6996763
------------------------------------------------------------------------------

. newey spread4 gamma4 t, lag(4)

Regression with Newey-West standard errors      Number of obs     =        741
maximum lag: 4                                  F(  2,       738) =      10.77
                                                Prob > F          =     0.0000

------------------------------------------------------------------------------
             |             Newey-West
     spread4 |      Coef.   Std. Err.      t    P>|t|     [95% Conf. Interval]
-------------+----------------------------------------------------------------
      gamma4 |  -1.032769   .4777753    -2.16   0.031    -1.970729   -.0948081
           t |  -.0009715   .0003425    -2.84   0.005    -.0016439   -.0002992
       _cons |   .4049288   .1431687     2.83   0.005     .1238624    .6859952
------------------------------------------------------------------------------

. import excel "C:\Users\Akrylic\Dropbox\Economics\Financial econometrics\Empirical Project\data_PS3test.xlsx", sheet("oil data
> ") firstrow clear

. gen t = _n

. tset t
        time variable:  t, 1 to 1368
                delta:  1 unit

. newey ScaleChange CYS yearyield t, lag(4)

Regression with Newey-West standard errors      Number of obs     =      1,316
maximum lag: 4                                  F(  3,      1312) =      13.09
                                                Prob > F          =     0.0000

------------------------------------------------------------------------------
             |             Newey-West
 ScaleChange |      Coef.   Std. Err.      t    P>|t|     [95% Conf. Interval]
-------------+----------------------------------------------------------------
         CYS |  -1.166703   .1940693    -6.01   0.000    -1.547423   -.7859833
   yearyield |    .013344    .015887     0.84   0.401    -.0178227    .0445106
           t |  -.0000744   .0000931    -0.80   0.424    -.0002571    .0001083
       _cons |   .1447866   .1069605     1.35   0.176    -.0650456    .3546188
------------------------------------------------------------------------------

. exit, clear
